---
title: リテラル値
summary: この記事では、TiDB SQLステートメントのリテラル値について紹介します。
aliases: ['/docs/dev/literal-values/','/docs/dev/reference/sql/language-structure/literal-values/']
---

# リテラル値

TiDBのリテラル値には、文字リテラル、数値リテラル、日付および時刻リテラル、16進数リテラル、バイナリリテラル、NULLリテラルが含まれます。このドキュメントでは、これらのリテラル値それぞれを紹介します。

このドキュメントでは、文字列リテラル、数値リテラル、NULL値、16進数リテラル、日付および時刻リテラル、ブール値リテラル、ビット値リテラルについて説明します。

## 文字列リテラル

文字列は、シングルクォート `'` またはダブルクォート `"` の内部に含まれるバイトまたは文字のシーケンスです。例:

```
'example string'
"example string"
```

隣接するクォートで囲まれた文字列は、1つの文字列に連結されます。次の行は同等です:

```
'a string'
'a' ' ' 'string'
"a" ' ' "string"
```

`ANSI_QUOTES` SQLモードが有効になっている場合、文字列リテラルは、二重引用符で囲まれた文字列は識別子として解釈されるため、単一引用符内でのみ引用符で囲むことができます。

文字列は次の2つのタイプに分けることができます:

+ バイナリ文字列: バイトのシーケンスで構成され、その文字セットと照合は両方とも `binary` であり、相互に比較する際に **バイト** を単位として使用します。
+ バイナリ以外の文字列: 文字のシーケンスで構成され、`binary` 以外のさまざまな文字セットと照合を持ちます。バイナリ以外の文字列の場合、相互に比較する際には **文字** を単位として使用します。文字は、文字セットによって複数のバイトを含む場合があります。

文字列リテラルには、オプションの `文字セット導入子` および `COLLATE句` を付けて、特定の文字セットと照合を使用する文字列として指定することができます。

```
[_charset_name]'string' [COLLATE collation_name]
```

例:

```
SELECT _latin1'string';
SELECT _binary'string';
SELECT _utf8'string' COLLATE utf8_bin;
```

国際化文字セットで文字列を作成するには、N'literal' (または n'literal') を使用できます。次の文は同等です:

```
SELECT N'some text';
SELECT n'some text';
SELECT _utf8'some text';
```

文字列で特殊文字を表すために、エスケープ文字を使用できます:

| エスケープ文字 | 意味 |
| :-------------- | :---- |
| \\0 | ASCIIのNUL（X'00'）文字 |
| \\' | シングルクォート `'` 文字 |
| \\" | ダブルクォート `"` 文字 |
| \\b | バックスペース文字 |
| \\n | 改行文字 |
| \\r | キャリッジリターン文字 |
| \\t | タブ文字 |
| \\z | ASCII 26 (Ctrl + Z) |
| \\\\ | バックスラッシュ `\` 文字 |
| \\% | `%` 文字 |
| \\_ | `_` 文字 |

シングルクォートで囲まれた文字列内で `"` を表現したい場合、またはダブルクォートで囲まれた文字列内で `'` を表現する場合、エスケープ文字を使用する必要はありません。

詳細については、[MySQLの文字列リテラル](https://dev.mysql.com/doc/refman/8.0/en/string-literals.html) を参照してください。

## 数値リテラル

数値リテラルには、整数およびDECIMALリテラル、浮動小数点リテラルが含まれます。

整数は、小数点 `.` を10進区切り文字として含めることができます。数値は、負の値または正の値を示すために `-` または `+` で先行することができます。

厳密な数値リテラルは、`1, .2, 3.4, -5, -6.78, +9.10` などを表すことができます。

数値リテラルは、`1.2E3, 1.2E-3, -1.2E3, -1.2E-3` などの指数表記でも表すことができます。

詳細については、[MySQLの数値リテラル](https://dev.mysql.com/doc/refman/8.0/en/number-literals.html) を参照してください。

## 日付および時刻リテラル

日付や時刻のリテラル値は、クォートされた文字列や数値としていくつかのフォーマットで表すことができます。TiDBは、日付を必要とする場合、`'2017-08-24'`、`'20170824'`、`20170824` のいずれを日付として解釈します。

TiDBでは、次の日付フォーマットをサポートしています:

* `'YYYY-MM-DD'` または `'YY-MM-DD'`: ここでの `-` 区切り文字は厳密ではないため、任意の区切り文字が使用できます。たとえば、`'2017-08-24'`、`'2017&08&24'`、`'2012@12^31'` はすべて有効な日付フォーマットです。ただし、小数点 `.` は整数部と小数部を区切る十進記号として扱われます。日付と時刻は、`T` または空白で区切ることができます。たとえば、`2017-8-24 10:42:00` および `2017-8-24T10:42:00` は同じ日付と時刻を表します。
* `'YYYYMMDDHHMMSS'` または `'YYMMDDHHMMSS'`: たとえば、`'20170824104520'` および `'170824104520'` は `'2017-08-24 10:45:20'` と見なされます。ただし、`'170824304520'` のような範囲外の値を提供すると、有効な日付として扱われません。`YYYYMMDD HHMMSS`、`YYYYMMDD HH:MM:DD`、`YYYY-MM-DD HHMMSS` などの誤ったフォーマットは挿入に失敗します。
* `YYYYMMDDHHMMSS` または `YYMMDDHHMMSS`: これらのフォーマットは、クォートではなく数値です。たとえば、`20170824104520` は `'2017-08-24 10:45:20'` と解釈されます。

DATETIMEまたはTIMESTAMP値には、マイクロ秒精度（6桁）を表す小数部を続けることができます。小数部は常に時間との間に小数点 `.` で区切られる必要があります。

二桁の年の値は曖昧です。4桁の年形式を使用することを推奨します。TiDBは、次のルールに従って、2桁の年の値を解釈します:

* 年の値が `70-99` の範囲にある場合、それは `1970-1999` に変換されます。
* 年の値が `00-69` の範囲にある場合、それは `2000-2069` に変換されます。

10未満の月や日の値については、`'2017-8-4'` は `'2017-08-04'` と同じです。時刻についても同様です。たとえば、`'2017-08-24 1:2:3'` は `'2017-08-24 01:02:03'` と同じです。

日付や時刻の値が必要な場合、TiDBは値の長さに応じて指定したフォーマットを選択します:

* 6桁: `YYMMDD`。
* 12桁: `YYMMDDHHMMSS`。
* 8桁: `YYYYMMDD`。
* 14桁: `YYYYMMDDHHMMSS`。

TiDBでは、次の形式の時刻値をサポートしています:

* `'D HH:MM:SS'` または `'HH:MM:SS'`、`'HH:MM'`、`'D HH:MM'`、`'D HH'`、`'SS'`: `D` は日数で、有効な値範囲は `0-34` です。
* `HHMMSS`形式の数値: たとえば、`231010` は `'23:10:10'` と解釈されます。
* `SS`、`MMSS`、`HHMMSS` 形式のいずれかの数値は、時刻と見なすことができます。

時刻型における小数点は、`.` であり、小数点以下の桁数は最大6桁です。

詳細については、[MySQLの日付および時刻リテラル](https://dev.mysql.com/doc/refman/8.0/en/date-and-time-literals.html) を参照してください。

## ブール値リテラル

定数 `TRUE` および `FALSE` はそれぞれ 1 および 0 に等しく、大文字小文字は区別されません。

```
```sql
SELECT TRUE, true, tRuE, FALSE, FaLsE, false;
```

```
+------+------+------+-------+-------+-------+
| TRUE | true | tRuE | FALSE | FaLsE | false |
+------+------+------+-------+-------+-------+
|    1 |    1 |    1 |     0 |     0 |     0 |
+------+------+------+-------+-------+-------+
1 行が返されました (0.00 秒)
```

## 16進数リテラル

16進数リテラル値は、 `X'val'` または `0xval` の形式で記述され、 `val` には16進数が含まれます。先頭の `0x` は大文字小文字を区別し、 `0X` として書くことはできません。

有効な16進数リテラル:

```
X'ac12'
X'12AC'
x'ac12'
x'12AC'
0xac12
0x12AC
```

無効な16進数リテラル:

```
X'1z' (z は16進数として有効な桁ではありません)
0X12AC (0X は 0x と書かなければなりません)
```
16進数リテラルは、`X'val'`表記を使用し、偶数桁である必要があります。 もし`val`の長さが奇数桁である場合（例：`X'A'`や`X'11A'`の場合）、構文エラーを避けるために、値を先頭にゼロパディングしてください：

```sql
mysql> select X'aff';
ERROR 1105 (HY000): line 0 column 13 near ""hex literal: invalid hexadecimal format, must even numbers, but 3 (total length 13)
mysql> select X'0aff';
+---------+
| X'0aff' |
+---------+
| 0x0aff  |
+---------+
1 row in set (0.00 sec)
```

デフォルトでは、16進数リテラルはバイナリ文字列です。

文字列や数値を16進数形式の文字列に変換するには、`HEX()` 関数を使用してください：

```sql
mysql> SELECT HEX('TiDB');
+-------------+
| HEX('TiDB') |
+-------------+
| 54694442    |
+-------------+
1 row in set (0.01 sec)

mysql> SELECT X'54694442';
+-------------+
| X'54694442' |
+-------------+
| TiDB        |
+-------------+
1 row in set (0.00 sec)
```

## ビット値リテラル

ビット値リテラルは、`b'val'`または `0bval`表記を使用して記述されます。 `val`は0と1を使用して書かれたバイナリ値です。 先頭の`0b`は大文字と小文字が区別され、`0B`として書くことはできません。

正しいビット値リテラル：

```
b'01'
B'01'
0b01
```

不正なビット値リテラル：

```
b'2' (2はバイナリ数字ではない; 0または1である必要があります)
0B01 (0Bは0bとして書かなければなりません)
```

デフォルトでは、ビット値リテラルはバイナリ文字列です。

ビット値はバイナリ値として返され、MySQLクライアントで適切に表示されない場合があります。 ビット値を印刷可能な形式に変換するには、`BIN()`や`HEX()`などの変換関数を使用できます。

```sql
CREATE TABLE t (b BIT(8));
INSERT INTO t SET b = b'00010011';
INSERT INTO t SET b = b'1110';
INSERT INTO t SET b = b'100101';

mysql> SELECT b+0, BIN(b), HEX(b) FROM t;
+------+--------+--------+
| b+0  | BIN(b) | HEX(b) |
+------+--------+--------+
|   19 | 10011  | 13     |
|   14 | 1110   | E      |
|   37 | 100101 | 25     |
+------+--------+--------+
3 rows in set (0.00 sec)
```

## NULL値

`NULL`はデータが空であることを意味し、大文字と小文字を区別せず、`\N`と同義です。

> **注意:**
>
> `NULL`は`0`や空の文字列`''`とは異なります。